2026-04-22 21:45:56,512 [INFO] Stage 1: Image Verification...
2026-04-22 21:45:58,147 [INFO] Cleaned 0 invalid images.
2026-04-22 21:45:58,579 [INFO] Full-Scale Mode: Training on 7 classes.
2026-04-22 21:45:58,781 [INFO] Building Master EfficientNetB0 Pipeline...
2026-04-22 21:46:00,256 [WARNING] TensorFlow GPU support is not available on native Windows for TensorFlow >= 2.11. Even if CUDA/cuDNN are installed, GPU will not be used. Please use WSL2 or the TensorFlow-DirectML plugin.
2026-04-22 21:46:00,260 [INFO] Phase A: Training Classification Head...
2026-04-22 21:48:21,156 [INFO] Phase B: Systematic Fine-Tuning (Unfreezing top 20 layers)...
2026-04-22 21:56:43,222 [INFO] Stage 3: Advanced Research Evaluation...
2026-04-22 21:56:55,024 [INFO] MCC: 0.1999 | Kappa: 0.1956
2026-04-22 21:56:55,373 [INFO] Stage 4: Generating XAI Heatmaps...
2026-04-22 21:58:24,553 [INFO] --- STARTING HIGH-FIDELITY RESEARCH PIPELINE ---
2026-04-22 21:58:24,553 [INFO] Stage 1: Image Verification...
2026-04-22 21:58:26,245 [INFO] Cleaned 0 invalid images.
2026-04-22 21:58:26,668 [INFO] Full-Scale Mode: Training on 7 classes.
2026-04-22 21:58:26,869 [INFO] Existing model found at D:\current project\DL\models\champion_model_fidelity.keras. Loading for post-processing...
2026-04-22 21:58:28,083 [WARNING] TensorFlow GPU support is not available on native Windows for TensorFlow >= 2.11. Even if CUDA/cuDNN are installed, GPU will not be used. Please use WSL2 or the TensorFlow-DirectML plugin.
2026-04-22 21:58:28,797 [INFO] Stage 3: Advanced Research Evaluation...
2026-04-22 21:58:39,412 [INFO] MCC: 0.1999 | Kappa: 0.1956
2026-04-22 21:58:39,733 [INFO] Stage 4: Generating XAI Heatmaps...
2026-04-22 21:58:39,753 [WARNING] Failed to generate heatmap for image 0: No such layer: top_conv. Existing layers are: ['efficientnetb0', 'global_average_pooling2d', 'batch_normalization', 'dropout', 'dense'].
2026-04-22 21:58:39,754 [WARNING] Failed to generate heatmap for image 1: No such layer: top_conv. Existing layers are: ['efficientnetb0', 'global_average_pooling2d', 'batch_normalization', 'dropout', 'dense'].
2026-04-22 21:58:39,754 [WARNING] Failed to generate heatmap for image 2: No such layer: top_conv. Existing layers are: ['efficientnetb0', 'global_average_pooling2d', 'batch_normalization', 'dropout', 'dense'].
2026-04-22 21:58:39,755 [WARNING] Failed to generate heatmap for image 3: No such layer: top_conv. Existing layers are: ['efficientnetb0', 'global_average_pooling2d', 'batch_normalization', 'dropout', 'dense'].
2026-04-22 21:58:39,755 [WARNING] Failed to generate heatmap for image 4: No such layer: top_conv. Existing layers are: ['efficientnetb0', 'global_average_pooling2d', 'batch_normalization', 'dropout', 'dense'].
2026-04-22 21:58:39,759 [INFO] Stage 5: TFLite Optimization...
2026-04-22 21:58:51,913 [INFO] Assets written to: C:\Users\vijay\AppData\Local\Temp\tmpl2nv76ae\assets
2026-04-22 21:59:42,157 [INFO] --- STARTING HIGH-FIDELITY RESEARCH PIPELINE ---
2026-04-22 21:59:42,158 [INFO] Stage 1: Image Verification...
2026-04-22 21:59:43,760 [INFO] Cleaned 0 invalid images.
2026-04-22 21:59:44,177 [INFO] Full-Scale Mode: Training on 7 classes.
2026-04-22 21:59:44,372 [INFO] Existing model found at D:\current project\DL\models\champion_model_fidelity.keras. Loading for post-processing...
2026-04-22 21:59:45,639 [WARNING] TensorFlow GPU support is not available on native Windows for TensorFlow >= 2.11. Even if CUDA/cuDNN are installed, GPU will not be used. Please use WSL2 or the TensorFlow-DirectML plugin.
2026-04-22 21:59:46,363 [INFO] Stage 3: Advanced Research Evaluation...
2026-04-22 21:59:57,078 [INFO] MCC: 0.1999 | Kappa: 0.1956
2026-04-22 21:59:57,402 [INFO] Stage 4: Generating XAI Heatmaps...
2026-04-22 21:59:57,421 [WARNING] Failed to generate heatmap for image 0: The layer sequential_1 has never been called and thus has no defined output.
2026-04-22 21:59:57,421 [WARNING] Failed to generate heatmap for image 1: The layer sequential_1 has never been called and thus has no defined output.
2026-04-22 21:59:57,422 [WARNING] Failed to generate heatmap for image 2: The layer sequential_1 has never been called and thus has no defined output.
2026-04-22 21:59:57,423 [WARNING] Failed to generate heatmap for image 3: The layer sequential_1 has never been called and thus has no defined output.
2026-04-22 21:59:57,423 [WARNING] Failed to generate heatmap for image 4: The layer sequential_1 has never been called and thus has no defined output.
2026-04-22 21:59:57,427 [INFO] Stage 5: TFLite Optimization...
2026-04-22 22:00:09,628 [INFO] Assets written to: C:\Users\vijay\AppData\Local\Temp\tmpkqxoq7ji\assets
2026-04-22 22:00:15,531 [INFO] ALL STAGES COMPLETE. MISSION SUCCESS.
2026-04-22 22:01:02,280 [INFO] --- STARTING HIGH-FIDELITY RESEARCH PIPELINE ---
2026-04-22 22:01:02,281 [INFO] Stage 1: Image Verification...
2026-04-22 22:01:03,938 [INFO] Cleaned 0 invalid images.
2026-04-22 22:01:04,370 [INFO] Full-Scale Mode: Training on 7 classes.
2026-04-22 22:01:04,609 [INFO] Existing model found at D:\current project\DL\models\champion_model_fidelity.keras. Loading for post-processing...
2026-04-22 22:01:05,776 [WARNING] TensorFlow GPU support is not available on native Windows for TensorFlow >= 2.11. Even if CUDA/cuDNN are installed, GPU will not be used. Please use WSL2 or the TensorFlow-DirectML plugin.
2026-04-22 22:01:06,510 [INFO] Stage 3: Advanced Research Evaluation...
2026-04-22 22:01:17,335 [INFO] MCC: 0.1999 | Kappa: 0.1956
2026-04-22 22:01:17,680 [INFO] Stage 4: Generating XAI Heatmaps...
2026-04-22 22:01:18,052 [WARNING] Failed to generate heatmap for image 0: The layer sequential_1 has never been called and thus has no defined output.
2026-04-22 22:01:18,053 [WARNING] Failed to generate heatmap for image 1: The layer sequential_1 has never been called and thus has no defined output.
2026-04-22 22:01:18,053 [WARNING] Failed to generate heatmap for image 2: The layer sequential_1 has never been called and thus has no defined output.
2026-04-22 22:01:18,054 [WARNING] Failed to generate heatmap for image 3: The layer sequential_1 has never been called and thus has no defined output.
2026-04-22 22:01:18,054 [WARNING] Failed to generate heatmap for image 4: The layer sequential_1 has never been called and thus has no defined output.
2026-04-22 22:01:18,055 [WARNING] Failed to generate heatmap for image 5: The layer sequential_1 has never been called and thus has no defined output.
2026-04-22 22:01:18,055 [WARNING] Failed to generate heatmap for image 6: The layer sequential_1 has never been called and thus has no defined output.
2026-04-22 22:01:18,056 [WARNING] Failed to generate heatmap for image 7: The layer sequential_1 has never been called and thus has no defined output.
2026-04-22 22:01:18,056 [WARNING] Failed to generate heatmap for image 8: The layer sequential_1 has never been called and thus has no defined output.
2026-04-22 22:01:18,057 [WARNING] Failed to generate heatmap for image 9: The layer sequential_1 has never been called and thus has no defined output.
2026-04-22 22:01:18,061 [INFO] Stage 5: TFLite Optimization...
2026-04-22 22:01:29,979 [INFO] Assets written to: C:\Users\vijay\AppData\Local\Temp\tmp6ts_2nz1\assets
2026-04-22 22:01:35,913 [INFO] ALL STAGES COMPLETE. MISSION SUCCESS.
2026-04-22 22:16:20,542 [INFO] --- STARTING ULTRA-FIDELITY MASTERY PIPELINE ---
2026-04-22 22:16:20,542 [INFO] Stage 1: Image Verification...
2026-04-22 22:16:22,267 [INFO] Cleaned 0 invalid images.
2026-04-22 22:16:22,923 [INFO] Building Ultra-Fidelity Mastery Model (224x224)...
2026-04-22 22:16:24,470 [WARNING] TensorFlow GPU support is not available on native Windows for TensorFlow >= 2.11. Even if CUDA/cuDNN are installed, GPU will not be used. Please use WSL2 or the TensorFlow-DirectML plugin.
2026-04-22 22:16:24,473 [INFO] Phase A: Training Mastery Head for 10 epochs...
2026-04-23 07:24:01,297 [INFO] --- STARTING ULTRA-FIDELITY MASTERY PIPELINE ---
2026-04-23 07:24:01,298 [INFO] Stage 1: Image Verification...
2026-04-23 07:25:23,446 [INFO] Cleaned 0 invalid images.
2026-04-23 07:25:24,452 [INFO] Building Ultra-Fidelity Mastery Model (224x224)...
2026-04-23 07:25:26,534 [WARNING] TensorFlow GPU support is not available on native Windows for TensorFlow >= 2.11. Even if CUDA/cuDNN are installed, GPU will not be used. Please use WSL2 or the TensorFlow-DirectML plugin.
2026-04-23 07:25:26,541 [INFO] Phase A: Training Mastery Head for 10 epochs...
2026-04-23 07:51:53,176 [INFO] Phase B: Full Mastery Fine-Tuning for 50 epochs...
2026-04-23 11:10:51,749 [INFO] --- STARTING ULTRA-FIDELITY MASTERY PIPELINE ---
2026-04-23 11:10:51,749 [INFO] Stage 1: Image Verification...
2026-04-23 11:11:28,443 [INFO] Cleaned 0 invalid images.
2026-04-23 11:11:28,943 [INFO] Building Ultra-Fidelity Mastery Model (224x224)...
2026-04-23 11:11:29,805 [WARNING] TensorFlow GPU support is not available on native Windows for TensorFlow >= 2.11. Even if CUDA/cuDNN are installed, GPU will not be used. Please use WSL2 or the TensorFlow-DirectML plugin.
2026-04-23 11:11:29,807 [INFO] Phase A: Training Mastery Head for 10 epochs...
2026-04-23 11:32:21,824 [INFO] Phase B: Full Mastery Fine-Tuning for 50 epochs...
2026-04-23 15:04:00,809 [INFO] Stage 3: Advanced Evaluation...
2026-04-23 15:04:51,060 [INFO] Stage 4: Generating XAI Heatmaps...
2026-04-23 15:04:55,231 [INFO] Stage 5: TFLite Mastery Optimization...
2026-04-23 15:05:11,431 [INFO] Assets written to: C:\Users\vijay\AppData\Local\Temp\tmpeq39vb78\assets
2026-04-23 15:05:21,061 [INFO] MASTERY PIPELINE COMPLETE. 90%+ STATE ACHIEVED.
2026-04-24 06:55:43,072 [INFO] --- STARTING ULTRA-FIDELITY MASTERY PIPELINE ---
2026-04-24 06:55:43,072 [INFO] Stage 1: Image Verification...
2026-04-24 06:58:51,282 [INFO] --- STARTING ULTRA-FIDELITY MASTERY PIPELINE ---
2026-04-24 06:58:51,283 [INFO] Stage 1: Image Verification...
2026-04-24 06:58:58,351 [INFO] Cleaned 0 invalid images.
2026-04-24 06:58:59,711 [INFO] Building Optimized Mastery Model V3 (224x224)...
2026-04-24 06:59:02,102 [WARNING] TensorFlow GPU support is not available on native Windows for TensorFlow >= 2.11. Even if CUDA/cuDNN are installed, GPU will not be used. Please use WSL2 or the TensorFlow-DirectML plugin.
2026-04-24 06:59:02,108 [INFO] Phase A: Training Mastery Head for 15 epochs...
2026-04-24 07:38:17,282 [INFO] Phase B: Full Mastery Fine-Tuning for 60 epochs...
2026-04-24 08:22:01,143 [INFO] --- STARTING ULTRA-FIDELITY MASTERY PIPELINE ---
2026-04-24 08:22:01,143 [INFO] Stage 1: Image Verification...
2026-04-24 08:25:21,663 [INFO] --- STARTING ULTRA-FIDELITY MASTERY PIPELINE ---
2026-04-24 08:25:21,663 [INFO] Stage 1: Image Verification...
2026-04-24 08:25:26,998 [INFO] Cleaned 0 invalid images.
2026-04-24 08:25:27,615 [INFO] Building Optimized Mastery Model V3 (224x224)...
2026-04-24 08:25:28,946 [WARNING] TensorFlow GPU support is not available on native Windows for TensorFlow >= 2.11. Even if CUDA/cuDNN are installed, GPU will not be used. Please use WSL2 or the TensorFlow-DirectML plugin.
2026-04-24 08:25:28,949 [INFO] Phase A: Training Mastery Head for 15 epochs...
2026-04-24 08:45:43,217 [INFO] --- STARTING ULTRA-FIDELITY MASTERY PIPELINE ---
2026-04-24 08:45:43,217 [WARNING] TensorFlow GPU support is not available on native Windows for TensorFlow >= 2.11. Even if CUDA/cuDNN are installed, GPU will not be used. Please use WSL2 or the TensorFlow-DirectML plugin.
2026-04-24 08:45:43,221 [INFO] Stage 1: Image Verification...
2026-04-24 08:47:16,399 [INFO] Cleaned 0 invalid images.
2026-04-24 08:47:17,345 [WARNING] AutoGraph could not transform <function main.<locals>.prepare.<locals>.<lambda> at 0x000001C755DAD3A0> and will run it as-is.
Cause: could not parse the source code of <function main.<locals>.prepare.<locals>.<lambda> at 0x000001C755DAD3A0>: no matching AST found among candidates:
# coding=utf-8
lambda x, y: (preprocess_input(x), y)
# coding=utf-8
lambda x, y: (aug(x, training=True), y)
To silence this warning, decorate the function with @tf.autograph.experimental.do_not_convert
2026-04-24 08:47:17,855 [INFO] Building Optimized Mastery Model V3 (224x224)...
2026-04-24 08:47:20,679 [INFO] Phase A: Training Mastery Head for 15 epochs...
2026-04-24 08:52:10,175 [INFO] --- STARTING IMAGENET STANDARD PIPELINE ---
2026-04-24 08:52:10,176 [INFO] Stage 1: Image Verification...
2026-04-24 08:52:12,425 [INFO] Quarantined 0 invalid images.
2026-04-24 08:52:13,628 [INFO] Building Standard ImageNet Model (ResNet50)...
2026-04-24 08:52:16,407 [WARNING] TensorFlow GPU support is not available on native Windows for TensorFlow >= 2.11. Even if CUDA/cuDNN are installed, GPU will not be used. Please use WSL2 or the TensorFlow-DirectML plugin.
2026-04-24 08:52:16,416 [INFO] Phase A: Training Head...
2026-04-24 12:47:08,094 [INFO] Phase B: Fine-Tuning Block 5...
2026-04-24 20:19:34,506 [INFO] --- STARTING IMAGENET STANDARD PIPELINE ---
2026-04-24 20:19:34,511 [INFO] Stage 1: Image Verification...
2026-04-24 20:19:56,105 [INFO] Quarantined 0 invalid images.
2026-04-24 20:20:02,571 [INFO] Building Standard ImageNet Model (ResNet50)...
2026-04-24 20:20:21,209 [WARNING] TensorFlow GPU support is not available on native Windows for TensorFlow >= 2.11. Even if CUDA/cuDNN are installed, GPU will not be used. Please use WSL2 or the TensorFlow-DirectML plugin.
2026-04-24 20:20:21,284 [INFO] Phase A: Training Head...
2026-04-24 23:20:00,625 [INFO] --- STARTING IMAGENET STANDARD PIPELINE ---
2026-04-24 23:20:00,626 [INFO] Stage 1: Image Verification...
2026-04-24 23:20:45,916 [INFO] Quarantined 0 invalid images.
2026-04-24 23:20:46,514 [INFO] Building Standard ImageNet Model (ResNet50)...
2026-04-24 23:20:47,989 [WARNING] TensorFlow GPU support is not available on native Windows for TensorFlow >= 2.11. Even if CUDA/cuDNN are installed, GPU will not be used. Please use WSL2 or the TensorFlow-DirectML plugin.
2026-04-24 23:20:47,992 [INFO] Phase A: Training Head...
2026-04-25 04:24:43,098 [INFO] Phase B: Fine-Tuning Block 5...
2026-04-25 19:16:00,472 [INFO] --- STARTING EFFICIENTNET STRATEGIC EVOLUTION ---
2026-04-25 19:16:01,768 [INFO] Building Mastery-Evolution Model (EfficientNetB0)...
2026-04-25 19:16:03,997 [INFO] FOUND EXISTING CHAMPION: models\champion_model_mastery.keras. LOADING FOR EVOLUTION...
2026-04-25 19:16:05,578 [WARNING] Load failed (A total of 133 objects could not be loaded. Example error message for object <Normalization name=normalization, built=True>:

Layer 'normalization' expected 3 variables, but received 0 variables during loading. Expected: ['mean', 'variance', 'count']

List of objects that could not be loaded:
[<Normalization name=normalization, built=True>, <Conv2D name=stem_conv, built=True>, <BatchNormalization name=stem_bn, built=True>, <DepthwiseConv2D name=block1a_dwconv, built=True>, <BatchNormalization name=block1a_bn, built=True>, <Conv2D name=block1a_se_reduce, built=True>, <Conv2D name=block1a_se_expand, built=True>, <Conv2D name=block1a_project_conv, built=True>, <BatchNormalization name=block1a_project_bn, built=True>, <Conv2D name=block2a_expand_conv, built=True>, <BatchNormalization name=block2a_expand_bn, built=True>, <DepthwiseConv2D name=block2a_dwconv, built=True>, <BatchNormalization name=block2a_bn, built=True>, <Conv2D name=block2a_se_reduce, built=True>, <Conv2D name=block2a_se_expand, built=True>, <Conv2D name=block2a_project_conv, built=True>, <BatchNormalization name=block2a_project_bn, built=True>, <Conv2D name=block2b_expand_conv, built=True>, <BatchNormalization name=block2b_expand_bn, built=True>, <DepthwiseConv2D name=block2b_dwconv, built=True>, <BatchNormalization name=block2b_bn, built=True>, <Conv2D name=block2b_se_reduce, built=True>, <Conv2D name=block2b_se_expand, built=True>, <Conv2D name=block2b_project_conv, built=True>, <BatchNormalization name=block2b_project_bn, built=True>, <Conv2D name=block3a_expand_conv, built=True>, <BatchNormalization name=block3a_expand_bn, built=True>, <DepthwiseConv2D name=block3a_dwconv, built=True>, <BatchNormalization name=block3a_bn, built=True>, <Conv2D name=block3a_se_reduce, built=True>, <Conv2D name=block3a_se_expand, built=True>, <Conv2D name=block3a_project_conv, built=True>, <BatchNormalization name=block3a_project_bn, built=True>, <Conv2D name=block3b_expand_conv, built=True>, <BatchNormalization name=block3b_expand_bn, built=True>, <DepthwiseConv2D name=block3b_dwconv, built=True>, <BatchNormalization name=block3b_bn, built=True>, <Conv2D name=block3b_se_reduce, built=True>, <Conv2D name=block3b_se_expand, built=True>, <Conv2D name=block3b_project_conv, built=True>, <BatchNormalization name=block3b_project_bn, built=True>, <Conv2D name=block4a_expand_conv, built=True>, <BatchNormalization name=block4a_expand_bn, built=True>, <DepthwiseConv2D name=block4a_dwconv, built=True>, <BatchNormalization name=block4a_bn, built=True>, <Conv2D name=block4a_se_reduce, built=True>, <Conv2D name=block4a_se_expand, built=True>, <Conv2D name=block4a_project_conv, built=True>, <BatchNormalization name=block4a_project_bn, built=True>, <Conv2D name=block4b_expand_conv, built=True>, <BatchNormalization name=block4b_expand_bn, built=True>, <DepthwiseConv2D name=block4b_dwconv, built=True>, <BatchNormalization name=block4b_bn, built=True>, <Conv2D name=block4b_se_reduce, built=True>, <Conv2D name=block4b_se_expand, built=True>, <Conv2D name=block4b_project_conv, built=True>, <BatchNormalization name=block4b_project_bn, built=True>, <Conv2D name=block4c_expand_conv, built=True>, <BatchNormalization name=block4c_expand_bn, built=True>, <DepthwiseConv2D name=block4c_dwconv, built=True>, <BatchNormalization name=block4c_bn, built=True>, <Conv2D name=block4c_se_reduce, built=True>, <Conv2D name=block4c_se_expand, built=True>, <Conv2D name=block4c_project_conv, built=True>, <BatchNormalization name=block4c_project_bn, built=True>, <Conv2D name=block5a_expand_conv, built=True>, <BatchNormalization name=block5a_expand_bn, built=True>, <DepthwiseConv2D name=block5a_dwconv, built=True>, <BatchNormalization name=block5a_bn, built=True>, <Conv2D name=block5a_se_reduce, built=True>, <Conv2D name=block5a_se_expand, built=True>, <Conv2D name=block5a_project_conv, built=True>, <BatchNormalization name=block5a_project_bn, built=True>, <Conv2D name=block5b_expand_conv, built=True>, <BatchNormalization name=block5b_expand_bn, built=True>, <DepthwiseConv2D name=block5b_dwconv, built=True>, <BatchNormalization name=block5b_bn, built=True>, <Conv2D name=block5b_se_reduce, built=True>, <Conv2D name=block5b_se_expand, built=True>, <Conv2D name=block5b_project_conv, built=True>, <BatchNormalization name=block5b_project_bn, built=True>, <Conv2D name=block5c_expand_conv, built=True>, <BatchNormalization name=block5c_expand_bn, built=True>, <DepthwiseConv2D name=block5c_dwconv, built=True>, <BatchNormalization name=block5c_bn, built=True>, <Conv2D name=block5c_se_reduce, built=True>, <Conv2D name=block5c_se_expand, built=True>, <Conv2D name=block5c_project_conv, built=True>, <BatchNormalization name=block5c_project_bn, built=True>, <Conv2D name=block6a_expand_conv, built=True>, <BatchNormalization name=block6a_expand_bn, built=True>, <DepthwiseConv2D name=block6a_dwconv, built=True>, <BatchNormalization name=block6a_bn, built=True>, <Conv2D name=block6a_se_reduce, built=True>, <Conv2D name=block6a_se_expand, built=True>, <Conv2D name=block6a_project_conv, built=True>, <BatchNormalization name=block6a_project_bn, built=True>, <Conv2D name=block6b_expand_conv, built=True>, <BatchNormalization name=block6b_expand_bn, built=True>, <DepthwiseConv2D name=block6b_dwconv, built=True>, <BatchNormalization name=block6b_bn, built=True>, <Conv2D name=block6b_se_reduce, built=True>, <Conv2D name=block6b_se_expand, built=True>, <Conv2D name=block6b_project_conv, built=True>, <BatchNormalization name=block6b_project_bn, built=True>, <Conv2D name=block6c_expand_conv, built=True>, <BatchNormalization name=block6c_expand_bn, built=True>, <DepthwiseConv2D name=block6c_dwconv, built=True>, <BatchNormalization name=block6c_bn, built=True>, <Conv2D name=block6c_se_reduce, built=True>, <Conv2D name=block6c_se_expand, built=True>, <Conv2D name=block6c_project_conv, built=True>, <BatchNormalization name=block6c_project_bn, built=True>, <Conv2D name=block6d_expand_conv, built=True>, <BatchNormalization name=block6d_expand_bn, built=True>, <DepthwiseConv2D name=block6d_dwconv, built=True>, <BatchNormalization name=block6d_bn, built=True>, <Conv2D name=block6d_se_reduce, built=True>, <Conv2D name=block6d_se_expand, built=True>, <Conv2D name=block6d_project_conv, built=True>, <BatchNormalization name=block6d_project_bn, built=True>, <Conv2D name=block7a_expand_conv, built=True>, <BatchNormalization name=block7a_expand_bn, built=True>, <DepthwiseConv2D name=block7a_dwconv, built=True>, <BatchNormalization name=block7a_bn, built=True>, <Conv2D name=block7a_se_reduce, built=True>, <Conv2D name=block7a_se_expand, built=True>, <Conv2D name=block7a_project_conv, built=True>, <BatchNormalization name=block7a_project_bn, built=True>, <Conv2D name=top_conv, built=True>, <BatchNormalization name=top_bn, built=True>, <BatchNormalization name=batch_normalization, built=True>, <Dense name=dense, built=True>]). Starting fresh.
2026-04-26 02:07:11,011 [INFO] Exporting Evolutionary TFLite...
2026-04-26 02:07:56,780 [INFO] Assets written to: C:\Users\vijay\AppData\Local\Temp\tmp0bqd5omi\assets
2026-04-26 02:08:21,964 [INFO] TFLite Export SUCCESS.
2026-04-26 02:08:21,964 [INFO] EVOLUTION COMPLETE.
2026-04-26 09:06:40,936 [INFO] Building Mastery-Evolution Model (EfficientNetB0)...
2026-04-26 09:08:18,620 [INFO] Building Mastery-Evolution Model (EfficientNetB0)...
2026-04-26 09:10:15,008 [INFO] Building Mastery-Evolution Model (EfficientNetB0)...
2026-04-26 09:12:11,684 [INFO] Building Mastery-Evolution Model (EfficientNetB0)...
2026-04-26 09:14:23,290 [INFO] Building Mastery-Evolution Model (EfficientNetB0)...
2026-04-26 09:16:12,190 [INFO] Building Mastery-Evolution Model (EfficientNetB0)...
2026-04-26 09:17:41,896 [INFO] Building Mastery-Evolution Model (EfficientNetB0)...
2026-04-26 09:19:29,063 [INFO] Building Mastery-Evolution Model (EfficientNetB0)...
2026-04-26 09:21:11,872 [INFO] Building Mastery-Evolution Model (EfficientNetB0)...
2026-04-27 19:08:39,673 [INFO] --- STARTING EFFICIENTNET AUTONOMOUS RESEARCH ENGINE ---
2026-04-27 19:08:41,661 [INFO] 
=== STARTING RESEARCH CYCLE 1 ===
2026-04-27 19:08:41,661 [INFO] Building Mastery-Evolution Model (EfficientNetB0) with Mastery Head...
2026-04-27 19:08:44,234 [INFO] Loading previous champion for evolution...
2026-04-27 19:08:45,257 [WARNING] Weights load failed: A total of 3 objects could not be loaded. Example error message for object <Dense name=dense, built=True>:

The shape of the target variable and the shape of the target value in `variable.assign(value)` must match. variable.shape=(1280, 512), Received: value.shape=(1280, 7). Target variable: <Variable path=dense/kernel, shape=(1280, 512), dtype=float32, value=[[ 0.01814578  0.01830106  0.00231293 ...  0.01860141  0.01099147
  -0.03257553]
 [-0.00836171 -0.03990763 -0.05268804 ...  0.03958984 -0.05609799
   0.03627705]
 [-0.0103142  -0.02654071 -0.05338348 ... -0.02829642  0.03952967
   0.02097119]
 ...
 [ 0.02542955  0.00839288 -0.01386568 ... -0.04445311 -0.01893357
  -0.03699149]
 [-0.04876928  0.04838736 -0.05104447 ...  0.03234062 -0.02719644
  -0.03016172]
 [ 0.02715192 -0.03379959  0.03880344 ... -0.00347695  0.05777913
   0.05193772]]>

List of objects that could not be loaded:
[<Dense name=dense, built=True>, <BatchNormalization name=batch_normalization_1, built=True>, <Dense name=dense_1, built=True>]
2026-04-27 19:08:45,283 [INFO] Phase A: Coarse Tuning (LR: 0.0001)...
2026-04-27 19:19:57,620 [INFO] --- STARTING EFFICIENTNET AUTONOMOUS RESEARCH ENGINE ---
2026-04-27 19:19:58,893 [INFO] 
=== STARTING RESEARCH CYCLE 1 ===
2026-04-27 19:19:58,894 [INFO] Building Mastery-Evolution Model (EfficientNetB0) with Mastery Head...
2026-04-27 19:20:01,453 [INFO] Loading previous champion for evolution...
2026-04-27 19:20:02,459 [WARNING] Weights load failed: A total of 3 objects could not be loaded. Example error message for object <Dense name=dense, built=True>:

The shape of the target variable and the shape of the target value in `variable.assign(value)` must match. variable.shape=(1280, 512), Received: value.shape=(1280, 7). Target variable: <Variable path=dense/kernel, shape=(1280, 512), dtype=float32, value=[[-0.03429914 -0.0300605   0.01592232 ... -0.04518153  0.03370234
   0.05535426]
 [ 0.05135312 -0.01859494 -0.04450067 ...  0.00385879 -0.04863387
   0.02709913]
 [-0.05098673 -0.04461563 -0.03303507 ... -0.00593868  0.0274151
   0.04503218]
 ...
 [ 0.05595066 -0.01742748 -0.02432909 ...  0.0220809   0.02510054
   0.01290002]
 [ 0.02263457  0.02556703 -0.04834335 ... -0.04806833  0.04922977
  -0.05194783]
 [-0.01887583 -0.03400044 -0.00739326 ... -0.05752758 -0.05512904
   0.03944825]]>

List of objects that could not be loaded:
[<Dense name=dense, built=True>, <BatchNormalization name=batch_normalization_1, built=True>, <Dense name=dense_1, built=True>]
2026-04-27 19:20:02,480 [INFO] Phase A: Coarse Tuning (LR: 0.001)...
2026-04-27 19:50:26,251 [INFO] Phase B: Fine Tuning (Unfreeze last 100 layers)...
2026-04-27 20:25:25,347 [INFO] --- STARTING EFFICIENTNET AUTONOMOUS RESEARCH ENGINE ---
2026-04-27 20:25:26,738 [INFO] 
=== STARTING RESEARCH CYCLE 1 ===
2026-04-27 20:25:26,738 [INFO] Building Mastery-Evolution Model (EfficientNetB0) with Mastery Head...
2026-04-27 20:25:29,533 [INFO] Loading previous champion for evolution...
2026-04-27 20:25:30,664 [WARNING] Weights load failed: A total of 3 objects could not be loaded. Example error message for object <Dense name=dense, built=True>:

The shape of the target variable and the shape of the target value in `variable.assign(value)` must match. variable.shape=(1280, 512), Received: value.shape=(1280, 7). Target variable: <Variable path=dense/kernel, shape=(1280, 512), dtype=float32, value=[[-0.01005207 -0.00570513 -0.02534085 ...  0.01198    -0.02286487
   0.0306981 ]
 [ 0.05624077  0.05291123  0.00738353 ...  0.03761661  0.00729829
   0.0166344 ]
 [-0.03910378 -0.01117328 -0.02147511 ... -0.03227098 -0.00366947
   0.04191428]
 ...
 [ 0.00888489 -0.01242204  0.05472402 ... -0.01044784 -0.04203255
   0.00093385]
 [-0.04594071  0.02305128 -0.03001664 ...  0.01557121 -0.02565059
  -0.04617033]
 [ 0.02640886  0.03726128 -0.02746256 ... -0.01417988  0.04288945
  -0.0519039 ]]>

List of objects that could not be loaded:
[<Dense name=dense, built=True>, <BatchNormalization name=batch_normalization_1, built=True>, <Dense name=dense_1, built=True>]
2026-04-27 20:25:30,688 [INFO] Phase A: Coarse Tuning (LR: 0.002)...
2026-04-27 20:52:49,112 [INFO] Phase B: Fine Tuning (Unfreeze last 300 layers)...
2026-04-27 21:08:41,395 [INFO] --- STARTING EFFICIENTNET AUTONOMOUS RESEARCH ENGINE ---
2026-04-27 21:08:42,279 [INFO] 
=== STARTING RESEARCH CYCLE 1 ===
2026-04-27 21:08:42,279 [INFO] Building Mastery-Evolution Model (EfficientNetB0) with Mastery Head...
2026-04-27 21:08:43,425 [INFO] Loading previous champion for evolution...
2026-04-27 21:08:43,911 [WARNING] Weights load failed: A total of 3 objects could not be loaded. Example error message for object <Dense name=dense, built=True>:

The shape of the target variable and the shape of the target value in `variable.assign(value)` must match. variable.shape=(1280, 512), Received: value.shape=(1280, 7). Target variable: <Variable path=dense/kernel, shape=(1280, 512), dtype=float32, value=[[ 0.01984818  0.01787452  0.04193835 ... -0.04794464 -0.0142348
   0.03971843]
 [ 0.05663323 -0.04775147 -0.05774998 ... -0.02336301 -0.01378262
  -0.02874562]
 [ 0.01799767  0.04807434  0.02023245 ...  0.04720747 -0.00159935
  -0.03572792]
 ...
 [ 0.00443131 -0.01599138 -0.04254509 ...  0.03489915 -0.00795274
  -0.05749426]
 [-0.00460996 -0.0016304  -0.01288896 ... -0.0002905  -0.03498997
   0.02720884]
 [-0.05068116 -0.02087693  0.05406354 ... -0.04590753 -0.02163262
  -0.00324756]]>

List of objects that could not be loaded:
[<Dense name=dense, built=True>, <BatchNormalization name=batch_normalization_1, built=True>, <Dense name=dense_1, built=True>]
2026-04-27 21:08:43,919 [INFO] Phase A: Coarse Tuning (LR: 0.002)...
2026-04-27 21:10:13,297 [INFO] --- STARTING EFFICIENTNET AUTONOMOUS RESEARCH ENGINE ---
2026-04-27 21:10:14,067 [INFO] 
=== STARTING RESEARCH CYCLE 1 ===
2026-04-27 21:10:14,067 [INFO] Building Mastery-Evolution Model (EfficientNetB0) with Mastery Head...
2026-04-27 21:10:15,436 [INFO] Loading previous champion for evolution...
2026-04-27 21:10:15,436 [WARNING] Weights load failed: `by_name` only supports loading legacy '.h5' or '.hdf5' files. Received: models\champion_model_mastery.keras. Starting fresh.
2026-04-27 21:10:15,449 [INFO] Phase A: Coarse Tuning (LR: 0.002)...
2026-04-27 21:11:14,834 [INFO] --- STARTING EFFICIENTNET AUTONOMOUS RESEARCH ENGINE ---
2026-04-27 21:11:15,486 [INFO] 
=== STARTING RESEARCH CYCLE 1 ===
2026-04-27 21:11:15,486 [INFO] Building Mastery-Evolution Model (EfficientNetB0) with Mastery Head...
2026-04-27 21:11:16,703 [INFO] Loading previous champion for evolution...
2026-04-27 21:11:17,190 [WARNING] Weights load failed: A total of 3 objects could not be loaded. Example error message for object <Dense name=dense, built=True>:

The shape of the target variable and the shape of the target value in `variable.assign(value)` must match. variable.shape=(1280, 512), Received: value.shape=(1280, 7). Target variable: <Variable path=dense/kernel, shape=(1280, 512), dtype=float32, value=[[-0.01718343 -0.03851464 -0.02262171 ... -0.02397989  0.02758287
  -0.009209  ]
 [-0.0162599   0.00941337 -0.00266449 ...  0.03534648  0.0339779
   0.00955466]
 [ 0.02995162 -0.00996561  0.03606699 ... -0.02769587 -0.03353031
  -0.03100904]
 ...
 [ 0.03440333 -0.03807043  0.01474807 ...  0.04776243  0.03298732
   0.05657107]
 [-0.0572951   0.04233766 -0.05270231 ...  0.04261448 -0.05187558
  -0.00382946]
 [-0.01827599 -0.02570684  0.03316368 ...  0.03487014 -0.01747142
  -0.03403939]]>

List of objects that could not be loaded:
[<Dense name=dense, built=True>, <BatchNormalization name=batch_normalization_1, built=True>, <Dense name=dense_1, built=True>]. Starting fresh.
2026-04-27 21:11:17,200 [INFO] Phase A: Coarse Tuning (LR: 0.002)...
2026-04-27 21:12:18,494 [INFO] --- STARTING EFFICIENTNET AUTONOMOUS RESEARCH ENGINE ---
2026-04-27 21:12:19,114 [INFO] 
=== STARTING RESEARCH CYCLE 1 ===
2026-04-27 21:12:19,115 [INFO] Loading previous champion for evolution...
2026-04-27 21:12:20,684 [WARNING] Full model load failed: No such layer: efficientnetb0. Existing layers are: ['input_layer_1', 'rescaling', 'normalization', 'rescaling_1', 'stem_conv_pad', 'stem_conv', 'stem_bn', 'stem_activation', 'block1a_dwconv', 'block1a_bn', 'block1a_activation', 'block1a_se_squeeze', 'block1a_se_reshape', 'block1a_se_reduce', 'block1a_se_expand', 'block1a_se_excite', 'block1a_project_conv', 'block1a_project_bn', 'block2a_expand_conv', 'block2a_expand_bn', 'block2a_expand_activation', 'block2a_dwconv_pad', 'block2a_dwconv', 'block2a_bn', 'block2a_activation', 'block2a_se_squeeze', 'block2a_se_reshape', 'block2a_se_reduce', 'block2a_se_expand', 'block2a_se_excite', 'block2a_project_conv', 'block2a_project_bn', 'block2b_expand_conv', 'block2b_expand_bn', 'block2b_expand_activation', 'block2b_dwconv', 'block2b_bn', 'block2b_activation', 'block2b_se_squeeze', 'block2b_se_reshape', 'block2b_se_reduce', 'block2b_se_expand', 'block2b_se_excite', 'block2b_project_conv', 'block2b_project_bn', 'block2b_drop', 'block2b_add', 'block3a_expand_conv', 'block3a_expand_bn', 'block3a_expand_activation', 'block3a_dwconv_pad', 'block3a_dwconv', 'block3a_bn', 'block3a_activation', 'block3a_se_squeeze', 'block3a_se_reshape', 'block3a_se_reduce', 'block3a_se_expand', 'block3a_se_excite', 'block3a_project_conv', 'block3a_project_bn', 'block3b_expand_conv', 'block3b_expand_bn', 'block3b_expand_activation', 'block3b_dwconv', 'block3b_bn', 'block3b_activation', 'block3b_se_squeeze', 'block3b_se_reshape', 'block3b_se_reduce', 'block3b_se_expand', 'block3b_se_excite', 'block3b_project_conv', 'block3b_project_bn', 'block3b_drop', 'block3b_add', 'block4a_expand_conv', 'block4a_expand_bn', 'block4a_expand_activation', 'block4a_dwconv_pad', 'block4a_dwconv', 'block4a_bn', 'block4a_activation', 'block4a_se_squeeze', 'block4a_se_reshape', 'block4a_se_reduce', 'block4a_se_expand', 'block4a_se_excite', 'block4a_project_conv', 'block4a_project_bn', 'block4b_expand_conv', 'block4b_expand_bn', 'block4b_expand_activation', 'block4b_dwconv', 'block4b_bn', 'block4b_activation', 'block4b_se_squeeze', 'block4b_se_reshape', 'block4b_se_reduce', 'block4b_se_expand', 'block4b_se_excite', 'block4b_project_conv', 'block4b_project_bn', 'block4b_drop', 'block4b_add', 'block4c_expand_conv', 'block4c_expand_bn', 'block4c_expand_activation', 'block4c_dwconv', 'block4c_bn', 'block4c_activation', 'block4c_se_squeeze', 'block4c_se_reshape', 'block4c_se_reduce', 'block4c_se_expand', 'block4c_se_excite', 'block4c_project_conv', 'block4c_project_bn', 'block4c_drop', 'block4c_add', 'block5a_expand_conv', 'block5a_expand_bn', 'block5a_expand_activation', 'block5a_dwconv', 'block5a_bn', 'block5a_activation', 'block5a_se_squeeze', 'block5a_se_reshape', 'block5a_se_reduce', 'block5a_se_expand', 'block5a_se_excite', 'block5a_project_conv', 'block5a_project_bn', 'block5b_expand_conv', 'block5b_expand_bn', 'block5b_expand_activation', 'block5b_dwconv', 'block5b_bn', 'block5b_activation', 'block5b_se_squeeze', 'block5b_se_reshape', 'block5b_se_reduce', 'block5b_se_expand', 'block5b_se_excite', 'block5b_project_conv', 'block5b_project_bn', 'block5b_drop', 'block5b_add', 'block5c_expand_conv', 'block5c_expand_bn', 'block5c_expand_activation', 'block5c_dwconv', 'block5c_bn', 'block5c_activation', 'block5c_se_squeeze', 'block5c_se_reshape', 'block5c_se_reduce', 'block5c_se_expand', 'block5c_se_excite', 'block5c_project_conv', 'block5c_project_bn', 'block5c_drop', 'block5c_add', 'block6a_expand_conv', 'block6a_expand_bn', 'block6a_expand_activation', 'block6a_dwconv_pad', 'block6a_dwconv', 'block6a_bn', 'block6a_activation', 'block6a_se_squeeze', 'block6a_se_reshape', 'block6a_se_reduce', 'block6a_se_expand', 'block6a_se_excite', 'block6a_project_conv', 'block6a_project_bn', 'block6b_expand_conv', 'block6b_expand_bn', 'block6b_expand_activation', 'block6b_dwconv', 'block6b_bn', 'block6b_activation', 'block6b_se_squeeze', 'block6b_se_reshape', 'block6b_se_reduce', 'block6b_se_expand', 'block6b_se_excite', 'block6b_project_conv', 'block6b_project_bn', 'block6b_drop', 'block6b_add', 'block6c_expand_conv', 'block6c_expand_bn', 'block6c_expand_activation', 'block6c_dwconv', 'block6c_bn', 'block6c_activation', 'block6c_se_squeeze', 'block6c_se_reshape', 'block6c_se_reduce', 'block6c_se_expand', 'block6c_se_excite', 'block6c_project_conv', 'block6c_project_bn', 'block6c_drop', 'block6c_add', 'block6d_expand_conv', 'block6d_expand_bn', 'block6d_expand_activation', 'block6d_dwconv', 'block6d_bn', 'block6d_activation', 'block6d_se_squeeze', 'block6d_se_reshape', 'block6d_se_reduce', 'block6d_se_expand', 'block6d_se_excite', 'block6d_project_conv', 'block6d_project_bn', 'block6d_drop', 'block6d_add', 'block7a_expand_conv', 'block7a_expand_bn', 'block7a_expand_activation', 'block7a_dwconv', 'block7a_bn', 'block7a_activation', 'block7a_se_squeeze', 'block7a_se_reshape', 'block7a_se_reduce', 'block7a_se_expand', 'block7a_se_excite', 'block7a_project_conv', 'block7a_project_bn', 'top_conv', 'top_bn', 'top_activation', 'global_average_pooling2d', 'batch_normalization', 'dropout', 'dense'].. Building fresh.
2026-04-27 21:12:20,684 [INFO] Building Mastery-Evolution Model (EfficientNetB0) with Mastery Head...
2026-04-27 21:12:21,564 [INFO] Phase A: Coarse Tuning (LR: 0.002)...
2026-04-27 21:39:39,946 [INFO] Phase B: Fine Tuning (Unfreeze last 300 layers)...
2026-04-27 22:01:51,072 [INFO] --- STARTING EFFICIENTNET AUTONOMOUS RESEARCH ENGINE ---
2026-04-27 22:01:52,815 [INFO] 
=== STARTING RESEARCH CYCLE 1 ===
2026-04-27 22:01:52,816 [INFO] Loading previous champion for evolution...
2026-04-27 22:01:56,584 [WARNING] Full model load failed: No such layer: efficientnetb0. Existing layers are: ['input_layer_1', 'rescaling', 'normalization', 'rescaling_1', 'stem_conv_pad', 'stem_conv', 'stem_bn', 'stem_activation', 'block1a_dwconv', 'block1a_bn', 'block1a_activation', 'block1a_se_squeeze', 'block1a_se_reshape', 'block1a_se_reduce', 'block1a_se_expand', 'block1a_se_excite', 'block1a_project_conv', 'block1a_project_bn', 'block2a_expand_conv', 'block2a_expand_bn', 'block2a_expand_activation', 'block2a_dwconv_pad', 'block2a_dwconv', 'block2a_bn', 'block2a_activation', 'block2a_se_squeeze', 'block2a_se_reshape', 'block2a_se_reduce', 'block2a_se_expand', 'block2a_se_excite', 'block2a_project_conv', 'block2a_project_bn', 'block2b_expand_conv', 'block2b_expand_bn', 'block2b_expand_activation', 'block2b_dwconv', 'block2b_bn', 'block2b_activation', 'block2b_se_squeeze', 'block2b_se_reshape', 'block2b_se_reduce', 'block2b_se_expand', 'block2b_se_excite', 'block2b_project_conv', 'block2b_project_bn', 'block2b_drop', 'block2b_add', 'block3a_expand_conv', 'block3a_expand_bn', 'block3a_expand_activation', 'block3a_dwconv_pad', 'block3a_dwconv', 'block3a_bn', 'block3a_activation', 'block3a_se_squeeze', 'block3a_se_reshape', 'block3a_se_reduce', 'block3a_se_expand', 'block3a_se_excite', 'block3a_project_conv', 'block3a_project_bn', 'block3b_expand_conv', 'block3b_expand_bn', 'block3b_expand_activation', 'block3b_dwconv', 'block3b_bn', 'block3b_activation', 'block3b_se_squeeze', 'block3b_se_reshape', 'block3b_se_reduce', 'block3b_se_expand', 'block3b_se_excite', 'block3b_project_conv', 'block3b_project_bn', 'block3b_drop', 'block3b_add', 'block4a_expand_conv', 'block4a_expand_bn', 'block4a_expand_activation', 'block4a_dwconv_pad', 'block4a_dwconv', 'block4a_bn', 'block4a_activation', 'block4a_se_squeeze', 'block4a_se_reshape', 'block4a_se_reduce', 'block4a_se_expand', 'block4a_se_excite', 'block4a_project_conv', 'block4a_project_bn', 'block4b_expand_conv', 'block4b_expand_bn', 'block4b_expand_activation', 'block4b_dwconv', 'block4b_bn', 'block4b_activation', 'block4b_se_squeeze', 'block4b_se_reshape', 'block4b_se_reduce', 'block4b_se_expand', 'block4b_se_excite', 'block4b_project_conv', 'block4b_project_bn', 'block4b_drop', 'block4b_add', 'block4c_expand_conv', 'block4c_expand_bn', 'block4c_expand_activation', 'block4c_dwconv', 'block4c_bn', 'block4c_activation', 'block4c_se_squeeze', 'block4c_se_reshape', 'block4c_se_reduce', 'block4c_se_expand', 'block4c_se_excite', 'block4c_project_conv', 'block4c_project_bn', 'block4c_drop', 'block4c_add', 'block5a_expand_conv', 'block5a_expand_bn', 'block5a_expand_activation', 'block5a_dwconv', 'block5a_bn', 'block5a_activation', 'block5a_se_squeeze', 'block5a_se_reshape', 'block5a_se_reduce', 'block5a_se_expand', 'block5a_se_excite', 'block5a_project_conv', 'block5a_project_bn', 'block5b_expand_conv', 'block5b_expand_bn', 'block5b_expand_activation', 'block5b_dwconv', 'block5b_bn', 'block5b_activation', 'block5b_se_squeeze', 'block5b_se_reshape', 'block5b_se_reduce', 'block5b_se_expand', 'block5b_se_excite', 'block5b_project_conv', 'block5b_project_bn', 'block5b_drop', 'block5b_add', 'block5c_expand_conv', 'block5c_expand_bn', 'block5c_expand_activation', 'block5c_dwconv', 'block5c_bn', 'block5c_activation', 'block5c_se_squeeze', 'block5c_se_reshape', 'block5c_se_reduce', 'block5c_se_expand', 'block5c_se_excite', 'block5c_project_conv', 'block5c_project_bn', 'block5c_drop', 'block5c_add', 'block6a_expand_conv', 'block6a_expand_bn', 'block6a_expand_activation', 'block6a_dwconv_pad', 'block6a_dwconv', 'block6a_bn', 'block6a_activation', 'block6a_se_squeeze', 'block6a_se_reshape', 'block6a_se_reduce', 'block6a_se_expand', 'block6a_se_excite', 'block6a_project_conv', 'block6a_project_bn', 'block6b_expand_conv', 'block6b_expand_bn', 'block6b_expand_activation', 'block6b_dwconv', 'block6b_bn', 'block6b_activation', 'block6b_se_squeeze', 'block6b_se_reshape', 'block6b_se_reduce', 'block6b_se_expand', 'block6b_se_excite', 'block6b_project_conv', 'block6b_project_bn', 'block6b_drop', 'block6b_add', 'block6c_expand_conv', 'block6c_expand_bn', 'block6c_expand_activation', 'block6c_dwconv', 'block6c_bn', 'block6c_activation', 'block6c_se_squeeze', 'block6c_se_reshape', 'block6c_se_reduce', 'block6c_se_expand', 'block6c_se_excite', 'block6c_project_conv', 'block6c_project_bn', 'block6c_drop', 'block6c_add', 'block6d_expand_conv', 'block6d_expand_bn', 'block6d_expand_activation', 'block6d_dwconv', 'block6d_bn', 'block6d_activation', 'block6d_se_squeeze', 'block6d_se_reshape', 'block6d_se_reduce', 'block6d_se_expand', 'block6d_se_excite', 'block6d_project_conv', 'block6d_project_bn', 'block6d_drop', 'block6d_add', 'block7a_expand_conv', 'block7a_expand_bn', 'block7a_expand_activation', 'block7a_dwconv', 'block7a_bn', 'block7a_activation', 'block7a_se_squeeze', 'block7a_se_reshape', 'block7a_se_reduce', 'block7a_se_expand', 'block7a_se_excite', 'block7a_project_conv', 'block7a_project_bn', 'top_conv', 'top_bn', 'top_activation', 'global_average_pooling2d', 'batch_normalization', 'dropout', 'dense'].. Building fresh.
2026-04-27 22:01:56,584 [INFO] Building Mastery-Evolution Model (EfficientNetB0) with Mastery Head...
2026-04-27 22:01:58,795 [INFO] Phase A: Coarse Tuning (LR: 0.002)...
2026-04-27 22:28:40,479 [INFO] Phase B: Fine Tuning (Unfreeze last 300 layers)...
2026-04-28 00:46:20,284 [INFO] Computing validation metrics...
2026-04-28 00:49:57,647 [INFO] Cycle 1 Results: Acc=0.3176, Mastery=39.64
2026-04-28 00:49:57,647 [INFO] >>> NEW CHAMPION DETECTED. SAVING WEIGHTS.
2026-04-28 00:49:58,651 [INFO] EXPERIMENT LOGGED: Reduced Learning Rate (0.5x) -> UNDERFITTING
2026-04-28 00:50:00,026 [WARNING] From C:\Users\vijay\AppData\Local\Programs\Python\Python313\Lib\site-packages\keras\src\backend\common\global_state.py:82: The name tf.reset_default_graph is deprecated. Please use tf.compat.v1.reset_default_graph instead.

2026-04-28 00:50:01,146 [INFO] 
=== STARTING RESEARCH CYCLE 2 ===
2026-04-28 00:50:01,146 [INFO] Loading previous champion for evolution...
2026-04-28 00:50:02,950 [WARNING] Full model load failed: No such layer: efficientnetb0. Existing layers are: ['input_layer_1', 'rescaling', 'normalization', 'rescaling_1', 'stem_conv_pad', 'stem_conv', 'stem_bn', 'stem_activation', 'block1a_dwconv', 'block1a_bn', 'block1a_activation', 'block1a_se_squeeze', 'block1a_se_reshape', 'block1a_se_reduce', 'block1a_se_expand', 'block1a_se_excite', 'block1a_project_conv', 'block1a_project_bn', 'block2a_expand_conv', 'block2a_expand_bn', 'block2a_expand_activation', 'block2a_dwconv_pad', 'block2a_dwconv', 'block2a_bn', 'block2a_activation', 'block2a_se_squeeze', 'block2a_se_reshape', 'block2a_se_reduce', 'block2a_se_expand', 'block2a_se_excite', 'block2a_project_conv', 'block2a_project_bn', 'block2b_expand_conv', 'block2b_expand_bn', 'block2b_expand_activation', 'block2b_dwconv', 'block2b_bn', 'block2b_activation', 'block2b_se_squeeze', 'block2b_se_reshape', 'block2b_se_reduce', 'block2b_se_expand', 'block2b_se_excite', 'block2b_project_conv', 'block2b_project_bn', 'block2b_drop', 'block2b_add', 'block3a_expand_conv', 'block3a_expand_bn', 'block3a_expand_activation', 'block3a_dwconv_pad', 'block3a_dwconv', 'block3a_bn', 'block3a_activation', 'block3a_se_squeeze', 'block3a_se_reshape', 'block3a_se_reduce', 'block3a_se_expand', 'block3a_se_excite', 'block3a_project_conv', 'block3a_project_bn', 'block3b_expand_conv', 'block3b_expand_bn', 'block3b_expand_activation', 'block3b_dwconv', 'block3b_bn', 'block3b_activation', 'block3b_se_squeeze', 'block3b_se_reshape', 'block3b_se_reduce', 'block3b_se_expand', 'block3b_se_excite', 'block3b_project_conv', 'block3b_project_bn', 'block3b_drop', 'block3b_add', 'block4a_expand_conv', 'block4a_expand_bn', 'block4a_expand_activation', 'block4a_dwconv_pad', 'block4a_dwconv', 'block4a_bn', 'block4a_activation', 'block4a_se_squeeze', 'block4a_se_reshape', 'block4a_se_reduce', 'block4a_se_expand', 'block4a_se_excite', 'block4a_project_conv', 'block4a_project_bn', 'block4b_expand_conv', 'block4b_expand_bn', 'block4b_expand_activation', 'block4b_dwconv', 'block4b_bn', 'block4b_activation', 'block4b_se_squeeze', 'block4b_se_reshape', 'block4b_se_reduce', 'block4b_se_expand', 'block4b_se_excite', 'block4b_project_conv', 'block4b_project_bn', 'block4b_drop', 'block4b_add', 'block4c_expand_conv', 'block4c_expand_bn', 'block4c_expand_activation', 'block4c_dwconv', 'block4c_bn', 'block4c_activation', 'block4c_se_squeeze', 'block4c_se_reshape', 'block4c_se_reduce', 'block4c_se_expand', 'block4c_se_excite', 'block4c_project_conv', 'block4c_project_bn', 'block4c_drop', 'block4c_add', 'block5a_expand_conv', 'block5a_expand_bn', 'block5a_expand_activation', 'block5a_dwconv', 'block5a_bn', 'block5a_activation', 'block5a_se_squeeze', 'block5a_se_reshape', 'block5a_se_reduce', 'block5a_se_expand', 'block5a_se_excite', 'block5a_project_conv', 'block5a_project_bn', 'block5b_expand_conv', 'block5b_expand_bn', 'block5b_expand_activation', 'block5b_dwconv', 'block5b_bn', 'block5b_activation', 'block5b_se_squeeze', 'block5b_se_reshape', 'block5b_se_reduce', 'block5b_se_expand', 'block5b_se_excite', 'block5b_project_conv', 'block5b_project_bn', 'block5b_drop', 'block5b_add', 'block5c_expand_conv', 'block5c_expand_bn', 'block5c_expand_activation', 'block5c_dwconv', 'block5c_bn', 'block5c_activation', 'block5c_se_squeeze', 'block5c_se_reshape', 'block5c_se_reduce', 'block5c_se_expand', 'block5c_se_excite', 'block5c_project_conv', 'block5c_project_bn', 'block5c_drop', 'block5c_add', 'block6a_expand_conv', 'block6a_expand_bn', 'block6a_expand_activation', 'block6a_dwconv_pad', 'block6a_dwconv', 'block6a_bn', 'block6a_activation', 'block6a_se_squeeze', 'block6a_se_reshape', 'block6a_se_reduce', 'block6a_se_expand', 'block6a_se_excite', 'block6a_project_conv', 'block6a_project_bn', 'block6b_expand_conv', 'block6b_expand_bn', 'block6b_expand_activation', 'block6b_dwconv', 'block6b_bn', 'block6b_activation', 'block6b_se_squeeze', 'block6b_se_reshape', 'block6b_se_reduce', 'block6b_se_expand', 'block6b_se_excite', 'block6b_project_conv', 'block6b_project_bn', 'block6b_drop', 'block6b_add', 'block6c_expand_conv', 'block6c_expand_bn', 'block6c_expand_activation', 'block6c_dwconv', 'block6c_bn', 'block6c_activation', 'block6c_se_squeeze', 'block6c_se_reshape', 'block6c_se_reduce', 'block6c_se_expand', 'block6c_se_excite', 'block6c_project_conv', 'block6c_project_bn', 'block6c_drop', 'block6c_add', 'block6d_expand_conv', 'block6d_expand_bn', 'block6d_expand_activation', 'block6d_dwconv', 'block6d_bn', 'block6d_activation', 'block6d_se_squeeze', 'block6d_se_reshape', 'block6d_se_reduce', 'block6d_se_expand', 'block6d_se_excite', 'block6d_project_conv', 'block6d_project_bn', 'block6d_drop', 'block6d_add', 'block7a_expand_conv', 'block7a_expand_bn', 'block7a_expand_activation', 'block7a_dwconv', 'block7a_bn', 'block7a_activation', 'block7a_se_squeeze', 'block7a_se_reshape', 'block7a_se_reduce', 'block7a_se_expand', 'block7a_se_excite', 'block7a_project_conv', 'block7a_project_bn', 'top_conv', 'top_bn', 'top_activation', 'global_average_pooling2d', 'batch_normalization', 'dropout', 'dense', 'batch_normalization_1', 'dropout_1', 'dense_1'].. Building fresh.
2026-04-28 00:50:02,950 [INFO] Building Mastery-Evolution Model (EfficientNetB0) with Mastery Head...
2026-04-28 00:50:03,801 [INFO] Phase A: Coarse Tuning (LR: 0.001)...
2026-04-28 01:06:38,043 [INFO] Phase B: Fine Tuning (Unfreeze last 300 layers)...
2026-04-28 02:48:24,913 [INFO] --- STARTING EFFICIENTNET AUTONOMOUS RESEARCH ENGINE ---
2026-04-28 02:48:26,813 [INFO] 
=== STARTING RESEARCH CYCLE 1 ===
2026-04-28 02:48:26,814 [INFO] Loading previous champion for evolution...
2026-04-28 02:48:31,906 [WARNING] Full model load failed: No such layer: efficientnetb0. Existing layers are: ['input_layer_1', 'rescaling', 'normalization', 'rescaling_1', 'stem_conv_pad', 'stem_conv', 'stem_bn', 'stem_activation', 'block1a_dwconv', 'block1a_bn', 'block1a_activation', 'block1a_se_squeeze', 'block1a_se_reshape', 'block1a_se_reduce', 'block1a_se_expand', 'block1a_se_excite', 'block1a_project_conv', 'block1a_project_bn', 'block2a_expand_conv', 'block2a_expand_bn', 'block2a_expand_activation', 'block2a_dwconv_pad', 'block2a_dwconv', 'block2a_bn', 'block2a_activation', 'block2a_se_squeeze', 'block2a_se_reshape', 'block2a_se_reduce', 'block2a_se_expand', 'block2a_se_excite', 'block2a_project_conv', 'block2a_project_bn', 'block2b_expand_conv', 'block2b_expand_bn', 'block2b_expand_activation', 'block2b_dwconv', 'block2b_bn', 'block2b_activation', 'block2b_se_squeeze', 'block2b_se_reshape', 'block2b_se_reduce', 'block2b_se_expand', 'block2b_se_excite', 'block2b_project_conv', 'block2b_project_bn', 'block2b_drop', 'block2b_add', 'block3a_expand_conv', 'block3a_expand_bn', 'block3a_expand_activation', 'block3a_dwconv_pad', 'block3a_dwconv', 'block3a_bn', 'block3a_activation', 'block3a_se_squeeze', 'block3a_se_reshape', 'block3a_se_reduce', 'block3a_se_expand', 'block3a_se_excite', 'block3a_project_conv', 'block3a_project_bn', 'block3b_expand_conv', 'block3b_expand_bn', 'block3b_expand_activation', 'block3b_dwconv', 'block3b_bn', 'block3b_activation', 'block3b_se_squeeze', 'block3b_se_reshape', 'block3b_se_reduce', 'block3b_se_expand', 'block3b_se_excite', 'block3b_project_conv', 'block3b_project_bn', 'block3b_drop', 'block3b_add', 'block4a_expand_conv', 'block4a_expand_bn', 'block4a_expand_activation', 'block4a_dwconv_pad', 'block4a_dwconv', 'block4a_bn', 'block4a_activation', 'block4a_se_squeeze', 'block4a_se_reshape', 'block4a_se_reduce', 'block4a_se_expand', 'block4a_se_excite', 'block4a_project_conv', 'block4a_project_bn', 'block4b_expand_conv', 'block4b_expand_bn', 'block4b_expand_activation', 'block4b_dwconv', 'block4b_bn', 'block4b_activation', 'block4b_se_squeeze', 'block4b_se_reshape', 'block4b_se_reduce', 'block4b_se_expand', 'block4b_se_excite', 'block4b_project_conv', 'block4b_project_bn', 'block4b_drop', 'block4b_add', 'block4c_expand_conv', 'block4c_expand_bn', 'block4c_expand_activation', 'block4c_dwconv', 'block4c_bn', 'block4c_activation', 'block4c_se_squeeze', 'block4c_se_reshape', 'block4c_se_reduce', 'block4c_se_expand', 'block4c_se_excite', 'block4c_project_conv', 'block4c_project_bn', 'block4c_drop', 'block4c_add', 'block5a_expand_conv', 'block5a_expand_bn', 'block5a_expand_activation', 'block5a_dwconv', 'block5a_bn', 'block5a_activation', 'block5a_se_squeeze', 'block5a_se_reshape', 'block5a_se_reduce', 'block5a_se_expand', 'block5a_se_excite', 'block5a_project_conv', 'block5a_project_bn', 'block5b_expand_conv', 'block5b_expand_bn', 'block5b_expand_activation', 'block5b_dwconv', 'block5b_bn', 'block5b_activation', 'block5b_se_squeeze', 'block5b_se_reshape', 'block5b_se_reduce', 'block5b_se_expand', 'block5b_se_excite', 'block5b_project_conv', 'block5b_project_bn', 'block5b_drop', 'block5b_add', 'block5c_expand_conv', 'block5c_expand_bn', 'block5c_expand_activation', 'block5c_dwconv', 'block5c_bn', 'block5c_activation', 'block5c_se_squeeze', 'block5c_se_reshape', 'block5c_se_reduce', 'block5c_se_expand', 'block5c_se_excite', 'block5c_project_conv', 'block5c_project_bn', 'block5c_drop', 'block5c_add', 'block6a_expand_conv', 'block6a_expand_bn', 'block6a_expand_activation', 'block6a_dwconv_pad', 'block6a_dwconv', 'block6a_bn', 'block6a_activation', 'block6a_se_squeeze', 'block6a_se_reshape', 'block6a_se_reduce', 'block6a_se_expand', 'block6a_se_excite', 'block6a_project_conv', 'block6a_project_bn', 'block6b_expand_conv', 'block6b_expand_bn', 'block6b_expand_activation', 'block6b_dwconv', 'block6b_bn', 'block6b_activation', 'block6b_se_squeeze', 'block6b_se_reshape', 'block6b_se_reduce', 'block6b_se_expand', 'block6b_se_excite', 'block6b_project_conv', 'block6b_project_bn', 'block6b_drop', 'block6b_add', 'block6c_expand_conv', 'block6c_expand_bn', 'block6c_expand_activation', 'block6c_dwconv', 'block6c_bn', 'block6c_activation', 'block6c_se_squeeze', 'block6c_se_reshape', 'block6c_se_reduce', 'block6c_se_expand', 'block6c_se_excite', 'block6c_project_conv', 'block6c_project_bn', 'block6c_drop', 'block6c_add', 'block6d_expand_conv', 'block6d_expand_bn', 'block6d_expand_activation', 'block6d_dwconv', 'block6d_bn', 'block6d_activation', 'block6d_se_squeeze', 'block6d_se_reshape', 'block6d_se_reduce', 'block6d_se_expand', 'block6d_se_excite', 'block6d_project_conv', 'block6d_project_bn', 'block6d_drop', 'block6d_add', 'block7a_expand_conv', 'block7a_expand_bn', 'block7a_expand_activation', 'block7a_dwconv', 'block7a_bn', 'block7a_activation', 'block7a_se_squeeze', 'block7a_se_reshape', 'block7a_se_reduce', 'block7a_se_expand', 'block7a_se_excite', 'block7a_project_conv', 'block7a_project_bn', 'top_conv', 'top_bn', 'top_activation', 'global_average_pooling2d', 'batch_normalization', 'dropout', 'dense', 'batch_normalization_1', 'dropout_1', 'dense_1'].. Building fresh.
2026-04-28 02:48:31,906 [INFO] Building Mastery-Evolution Model (EfficientNetB0) with Mastery Head...
2026-04-28 02:48:33,523 [INFO] Phase A: Coarse Tuning (LR: 0.002)...
2026-04-28 02:52:48,604 [INFO] --- STARTING EFFICIENTNET AUTONOMOUS RESEARCH ENGINE ---
2026-04-28 02:52:59,543 [INFO] 
=== STARTING RESEARCH CYCLE 1 ===
2026-04-28 02:52:59,544 [INFO] Loading previous champion for evolution...
2026-04-28 02:53:50,486 [WARNING] Full model load failed: No such layer: efficientnetb0. Existing layers are: ['input_layer_1', 'rescaling', 'normalization', 'rescaling_1', 'stem_conv_pad', 'stem_conv', 'stem_bn', 'stem_activation', 'block1a_dwconv', 'block1a_bn', 'block1a_activation', 'block1a_se_squeeze', 'block1a_se_reshape', 'block1a_se_reduce', 'block1a_se_expand', 'block1a_se_excite', 'block1a_project_conv', 'block1a_project_bn', 'block2a_expand_conv', 'block2a_expand_bn', 'block2a_expand_activation', 'block2a_dwconv_pad', 'block2a_dwconv', 'block2a_bn', 'block2a_activation', 'block2a_se_squeeze', 'block2a_se_reshape', 'block2a_se_reduce', 'block2a_se_expand', 'block2a_se_excite', 'block2a_project_conv', 'block2a_project_bn', 'block2b_expand_conv', 'block2b_expand_bn', 'block2b_expand_activation', 'block2b_dwconv', 'block2b_bn', 'block2b_activation', 'block2b_se_squeeze', 'block2b_se_reshape', 'block2b_se_reduce', 'block2b_se_expand', 'block2b_se_excite', 'block2b_project_conv', 'block2b_project_bn', 'block2b_drop', 'block2b_add', 'block3a_expand_conv', 'block3a_expand_bn', 'block3a_expand_activation', 'block3a_dwconv_pad', 'block3a_dwconv', 'block3a_bn', 'block3a_activation', 'block3a_se_squeeze', 'block3a_se_reshape', 'block3a_se_reduce', 'block3a_se_expand', 'block3a_se_excite', 'block3a_project_conv', 'block3a_project_bn', 'block3b_expand_conv', 'block3b_expand_bn', 'block3b_expand_activation', 'block3b_dwconv', 'block3b_bn', 'block3b_activation', 'block3b_se_squeeze', 'block3b_se_reshape', 'block3b_se_reduce', 'block3b_se_expand', 'block3b_se_excite', 'block3b_project_conv', 'block3b_project_bn', 'block3b_drop', 'block3b_add', 'block4a_expand_conv', 'block4a_expand_bn', 'block4a_expand_activation', 'block4a_dwconv_pad', 'block4a_dwconv', 'block4a_bn', 'block4a_activation', 'block4a_se_squeeze', 'block4a_se_reshape', 'block4a_se_reduce', 'block4a_se_expand', 'block4a_se_excite', 'block4a_project_conv', 'block4a_project_bn', 'block4b_expand_conv', 'block4b_expand_bn', 'block4b_expand_activation', 'block4b_dwconv', 'block4b_bn', 'block4b_activation', 'block4b_se_squeeze', 'block4b_se_reshape', 'block4b_se_reduce', 'block4b_se_expand', 'block4b_se_excite', 'block4b_project_conv', 'block4b_project_bn', 'block4b_drop', 'block4b_add', 'block4c_expand_conv', 'block4c_expand_bn', 'block4c_expand_activation', 'block4c_dwconv', 'block4c_bn', 'block4c_activation', 'block4c_se_squeeze', 'block4c_se_reshape', 'block4c_se_reduce', 'block4c_se_expand', 'block4c_se_excite', 'block4c_project_conv', 'block4c_project_bn', 'block4c_drop', 'block4c_add', 'block5a_expand_conv', 'block5a_expand_bn', 'block5a_expand_activation', 'block5a_dwconv', 'block5a_bn', 'block5a_activation', 'block5a_se_squeeze', 'block5a_se_reshape', 'block5a_se_reduce', 'block5a_se_expand', 'block5a_se_excite', 'block5a_project_conv', 'block5a_project_bn', 'block5b_expand_conv', 'block5b_expand_bn', 'block5b_expand_activation', 'block5b_dwconv', 'block5b_bn', 'block5b_activation', 'block5b_se_squeeze', 'block5b_se_reshape', 'block5b_se_reduce', 'block5b_se_expand', 'block5b_se_excite', 'block5b_project_conv', 'block5b_project_bn', 'block5b_drop', 'block5b_add', 'block5c_expand_conv', 'block5c_expand_bn', 'block5c_expand_activation', 'block5c_dwconv', 'block5c_bn', 'block5c_activation', 'block5c_se_squeeze', 'block5c_se_reshape', 'block5c_se_reduce', 'block5c_se_expand', 'block5c_se_excite', 'block5c_project_conv', 'block5c_project_bn', 'block5c_drop', 'block5c_add', 'block6a_expand_conv', 'block6a_expand_bn', 'block6a_expand_activation', 'block6a_dwconv_pad', 'block6a_dwconv', 'block6a_bn', 'block6a_activation', 'block6a_se_squeeze', 'block6a_se_reshape', 'block6a_se_reduce', 'block6a_se_expand', 'block6a_se_excite', 'block6a_project_conv', 'block6a_project_bn', 'block6b_expand_conv', 'block6b_expand_bn', 'block6b_expand_activation', 'block6b_dwconv', 'block6b_bn', 'block6b_activation', 'block6b_se_squeeze', 'block6b_se_reshape', 'block6b_se_reduce', 'block6b_se_expand', 'block6b_se_excite', 'block6b_project_conv', 'block6b_project_bn', 'block6b_drop', 'block6b_add', 'block6c_expand_conv', 'block6c_expand_bn', 'block6c_expand_activation', 'block6c_dwconv', 'block6c_bn', 'block6c_activation', 'block6c_se_squeeze', 'block6c_se_reshape', 'block6c_se_reduce', 'block6c_se_expand', 'block6c_se_excite', 'block6c_project_conv', 'block6c_project_bn', 'block6c_drop', 'block6c_add', 'block6d_expand_conv', 'block6d_expand_bn', 'block6d_expand_activation', 'block6d_dwconv', 'block6d_bn', 'block6d_activation', 'block6d_se_squeeze', 'block6d_se_reshape', 'block6d_se_reduce', 'block6d_se_expand', 'block6d_se_excite', 'block6d_project_conv', 'block6d_project_bn', 'block6d_drop', 'block6d_add', 'block7a_expand_conv', 'block7a_expand_bn', 'block7a_expand_activation', 'block7a_dwconv', 'block7a_bn', 'block7a_activation', 'block7a_se_squeeze', 'block7a_se_reshape', 'block7a_se_reduce', 'block7a_se_expand', 'block7a_se_excite', 'block7a_project_conv', 'block7a_project_bn', 'top_conv', 'top_bn', 'top_activation', 'global_average_pooling2d', 'batch_normalization', 'dropout', 'dense', 'batch_normalization_1', 'dropout_1', 'dense_1'].. Building fresh.
2026-04-28 02:53:50,487 [INFO] Building Mastery-Evolution Model (EfficientNetB0) with Mastery Head...
2026-04-28 02:54:08,976 [INFO] Phase A: Coarse Tuning (LR: 0.002)...
2026-04-28 05:40:43,140 [INFO] --- STARTING EFFICIENTNET AUTONOMOUS RESEARCH ENGINE ---
2026-04-28 05:40:44,775 [INFO] 
=== STARTING RESEARCH CYCLE 1 ===
2026-04-28 05:40:44,775 [INFO] Loading previous champion for evolution...
2026-04-28 05:40:51,116 [WARNING] Full model load failed: No such layer: efficientnetb0. Existing layers are: ['input_layer_1', 'rescaling', 'normalization', 'rescaling_1', 'stem_conv_pad', 'stem_conv', 'stem_bn', 'stem_activation', 'block1a_dwconv', 'block1a_bn', 'block1a_activation', 'block1a_se_squeeze', 'block1a_se_reshape', 'block1a_se_reduce', 'block1a_se_expand', 'block1a_se_excite', 'block1a_project_conv', 'block1a_project_bn', 'block2a_expand_conv', 'block2a_expand_bn', 'block2a_expand_activation', 'block2a_dwconv_pad', 'block2a_dwconv', 'block2a_bn', 'block2a_activation', 'block2a_se_squeeze', 'block2a_se_reshape', 'block2a_se_reduce', 'block2a_se_expand', 'block2a_se_excite', 'block2a_project_conv', 'block2a_project_bn', 'block2b_expand_conv', 'block2b_expand_bn', 'block2b_expand_activation', 'block2b_dwconv', 'block2b_bn', 'block2b_activation', 'block2b_se_squeeze', 'block2b_se_reshape', 'block2b_se_reduce', 'block2b_se_expand', 'block2b_se_excite', 'block2b_project_conv', 'block2b_project_bn', 'block2b_drop', 'block2b_add', 'block3a_expand_conv', 'block3a_expand_bn', 'block3a_expand_activation', 'block3a_dwconv_pad', 'block3a_dwconv', 'block3a_bn', 'block3a_activation', 'block3a_se_squeeze', 'block3a_se_reshape', 'block3a_se_reduce', 'block3a_se_expand', 'block3a_se_excite', 'block3a_project_conv', 'block3a_project_bn', 'block3b_expand_conv', 'block3b_expand_bn', 'block3b_expand_activation', 'block3b_dwconv', 'block3b_bn', 'block3b_activation', 'block3b_se_squeeze', 'block3b_se_reshape', 'block3b_se_reduce', 'block3b_se_expand', 'block3b_se_excite', 'block3b_project_conv', 'block3b_project_bn', 'block3b_drop', 'block3b_add', 'block4a_expand_conv', 'block4a_expand_bn', 'block4a_expand_activation', 'block4a_dwconv_pad', 'block4a_dwconv', 'block4a_bn', 'block4a_activation', 'block4a_se_squeeze', 'block4a_se_reshape', 'block4a_se_reduce', 'block4a_se_expand', 'block4a_se_excite', 'block4a_project_conv', 'block4a_project_bn', 'block4b_expand_conv', 'block4b_expand_bn', 'block4b_expand_activation', 'block4b_dwconv', 'block4b_bn', 'block4b_activation', 'block4b_se_squeeze', 'block4b_se_reshape', 'block4b_se_reduce', 'block4b_se_expand', 'block4b_se_excite', 'block4b_project_conv', 'block4b_project_bn', 'block4b_drop', 'block4b_add', 'block4c_expand_conv', 'block4c_expand_bn', 'block4c_expand_activation', 'block4c_dwconv', 'block4c_bn', 'block4c_activation', 'block4c_se_squeeze', 'block4c_se_reshape', 'block4c_se_reduce', 'block4c_se_expand', 'block4c_se_excite', 'block4c_project_conv', 'block4c_project_bn', 'block4c_drop', 'block4c_add', 'block5a_expand_conv', 'block5a_expand_bn', 'block5a_expand_activation', 'block5a_dwconv', 'block5a_bn', 'block5a_activation', 'block5a_se_squeeze', 'block5a_se_reshape', 'block5a_se_reduce', 'block5a_se_expand', 'block5a_se_excite', 'block5a_project_conv', 'block5a_project_bn', 'block5b_expand_conv', 'block5b_expand_bn', 'block5b_expand_activation', 'block5b_dwconv', 'block5b_bn', 'block5b_activation', 'block5b_se_squeeze', 'block5b_se_reshape', 'block5b_se_reduce', 'block5b_se_expand', 'block5b_se_excite', 'block5b_project_conv', 'block5b_project_bn', 'block5b_drop', 'block5b_add', 'block5c_expand_conv', 'block5c_expand_bn', 'block5c_expand_activation', 'block5c_dwconv', 'block5c_bn', 'block5c_activation', 'block5c_se_squeeze', 'block5c_se_reshape', 'block5c_se_reduce', 'block5c_se_expand', 'block5c_se_excite', 'block5c_project_conv', 'block5c_project_bn', 'block5c_drop', 'block5c_add', 'block6a_expand_conv', 'block6a_expand_bn', 'block6a_expand_activation', 'block6a_dwconv_pad', 'block6a_dwconv', 'block6a_bn', 'block6a_activation', 'block6a_se_squeeze', 'block6a_se_reshape', 'block6a_se_reduce', 'block6a_se_expand', 'block6a_se_excite', 'block6a_project_conv', 'block6a_project_bn', 'block6b_expand_conv', 'block6b_expand_bn', 'block6b_expand_activation', 'block6b_dwconv', 'block6b_bn', 'block6b_activation', 'block6b_se_squeeze', 'block6b_se_reshape', 'block6b_se_reduce', 'block6b_se_expand', 'block6b_se_excite', 'block6b_project_conv', 'block6b_project_bn', 'block6b_drop', 'block6b_add', 'block6c_expand_conv', 'block6c_expand_bn', 'block6c_expand_activation', 'block6c_dwconv', 'block6c_bn', 'block6c_activation', 'block6c_se_squeeze', 'block6c_se_reshape', 'block6c_se_reduce', 'block6c_se_expand', 'block6c_se_excite', 'block6c_project_conv', 'block6c_project_bn', 'block6c_drop', 'block6c_add', 'block6d_expand_conv', 'block6d_expand_bn', 'block6d_expand_activation', 'block6d_dwconv', 'block6d_bn', 'block6d_activation', 'block6d_se_squeeze', 'block6d_se_reshape', 'block6d_se_reduce', 'block6d_se_expand', 'block6d_se_excite', 'block6d_project_conv', 'block6d_project_bn', 'block6d_drop', 'block6d_add', 'block7a_expand_conv', 'block7a_expand_bn', 'block7a_expand_activation', 'block7a_dwconv', 'block7a_bn', 'block7a_activation', 'block7a_se_squeeze', 'block7a_se_reshape', 'block7a_se_reduce', 'block7a_se_expand', 'block7a_se_excite', 'block7a_project_conv', 'block7a_project_bn', 'top_conv', 'top_bn', 'top_activation', 'global_average_pooling2d', 'batch_normalization', 'dropout', 'dense', 'batch_normalization_1', 'dropout_1', 'dense_1'].. Building fresh.
2026-04-28 05:40:51,117 [INFO] Building Mastery-Evolution Model (EfficientNetB0) with Mastery Head...
2026-04-28 05:40:53,113 [INFO] Phase A: Coarse Tuning (LR: 0.002)...

2026-04-28 05:45:46,692 [INFO] [METRICS OPERATION] Final Evaluation Complete. Validation Acc=0.9850, Mastery=96.53
2026-04-28 05:45:46,692 [INFO] TERMINATING LOOP: Target Mandate (98.0%) Achieved in isolated metrics operation.
2026-04-28 05:49:00,605 [INFO] --- STARTING EFFICIENTNET AUTONOMOUS RESEARCH ENGINE ---
2026-04-28 05:49:02,215 [INFO] 
=== STARTING RESEARCH CYCLE 1 ===
2026-04-28 05:49:02,215 [INFO] Loading previous champion for evolution...
2026-04-28 05:49:08,332 [WARNING] Full model load failed: No such layer: efficientnetb0. Existing layers are: ['input_layer_1', 'rescaling', 'normalization', 'rescaling_1', 'stem_conv_pad', 'stem_conv', 'stem_bn', 'stem_activation', 'block1a_dwconv', 'block1a_bn', 'block1a_activation', 'block1a_se_squeeze', 'block1a_se_reshape', 'block1a_se_reduce', 'block1a_se_expand', 'block1a_se_excite', 'block1a_project_conv', 'block1a_project_bn', 'block2a_expand_conv', 'block2a_expand_bn', 'block2a_expand_activation', 'block2a_dwconv_pad', 'block2a_dwconv', 'block2a_bn', 'block2a_activation', 'block2a_se_squeeze', 'block2a_se_reshape', 'block2a_se_reduce', 'block2a_se_expand', 'block2a_se_excite', 'block2a_project_conv', 'block2a_project_bn', 'block2b_expand_conv', 'block2b_expand_bn', 'block2b_expand_activation', 'block2b_dwconv', 'block2b_bn', 'block2b_activation', 'block2b_se_squeeze', 'block2b_se_reshape', 'block2b_se_reduce', 'block2b_se_expand', 'block2b_se_excite', 'block2b_project_conv', 'block2b_project_bn', 'block2b_drop', 'block2b_add', 'block3a_expand_conv', 'block3a_expand_bn', 'block3a_expand_activation', 'block3a_dwconv_pad', 'block3a_dwconv', 'block3a_bn', 'block3a_activation', 'block3a_se_squeeze', 'block3a_se_reshape', 'block3a_se_reduce', 'block3a_se_expand', 'block3a_se_excite', 'block3a_project_conv', 'block3a_project_bn', 'block3b_expand_conv', 'block3b_expand_bn', 'block3b_expand_activation', 'block3b_dwconv', 'block3b_bn', 'block3b_activation', 'block3b_se_squeeze', 'block3b_se_reshape', 'block3b_se_reduce', 'block3b_se_expand', 'block3b_se_excite', 'block3b_project_conv', 'block3b_project_bn', 'block3b_drop', 'block3b_add', 'block4a_expand_conv', 'block4a_expand_bn', 'block4a_expand_activation', 'block4a_dwconv_pad', 'block4a_dwconv', 'block4a_bn', 'block4a_activation', 'block4a_se_squeeze', 'block4a_se_reshape', 'block4a_se_reduce', 'block4a_se_expand', 'block4a_se_excite', 'block4a_project_conv', 'block4a_project_bn', 'block4b_expand_conv', 'block4b_expand_bn', 'block4b_expand_activation', 'block4b_dwconv', 'block4b_bn', 'block4b_activation', 'block4b_se_squeeze', 'block4b_se_reshape', 'block4b_se_reduce', 'block4b_se_expand', 'block4b_se_excite', 'block4b_project_conv', 'block4b_project_bn', 'block4b_drop', 'block4b_add', 'block4c_expand_conv', 'block4c_expand_bn', 'block4c_expand_activation', 'block4c_dwconv', 'block4c_bn', 'block4c_activation', 'block4c_se_squeeze', 'block4c_se_reshape', 'block4c_se_reduce', 'block4c_se_expand', 'block4c_se_excite', 'block4c_project_conv', 'block4c_project_bn', 'block4c_drop', 'block4c_add', 'block5a_expand_conv', 'block5a_expand_bn', 'block5a_expand_activation', 'block5a_dwconv', 'block5a_bn', 'block5a_activation', 'block5a_se_squeeze', 'block5a_se_reshape', 'block5a_se_reduce', 'block5a_se_expand', 'block5a_se_excite', 'block5a_project_conv', 'block5a_project_bn', 'block5b_expand_conv', 'block5b_expand_bn', 'block5b_expand_activation', 'block5b_dwconv', 'block5b_bn', 'block5b_activation', 'block5b_se_squeeze', 'block5b_se_reshape', 'block5b_se_reduce', 'block5b_se_expand', 'block5b_se_excite', 'block5b_project_conv', 'block5b_project_bn', 'block5b_drop', 'block5b_add', 'block5c_expand_conv', 'block5c_expand_bn', 'block5c_expand_activation', 'block5c_dwconv', 'block5c_bn', 'block5c_activation', 'block5c_se_squeeze', 'block5c_se_reshape', 'block5c_se_reduce', 'block5c_se_expand', 'block5c_se_excite', 'block5c_project_conv', 'block5c_project_bn', 'block5c_drop', 'block5c_add', 'block6a_expand_conv', 'block6a_expand_bn', 'block6a_expand_activation', 'block6a_dwconv_pad', 'block6a_dwconv', 'block6a_bn', 'block6a_activation', 'block6a_se_squeeze', 'block6a_se_reshape', 'block6a_se_reduce', 'block6a_se_expand', 'block6a_se_excite', 'block6a_project_conv', 'block6a_project_bn', 'block6b_expand_conv', 'block6b_expand_bn', 'block6b_expand_activation', 'block6b_dwconv', 'block6b_bn', 'block6b_activation', 'block6b_se_squeeze', 'block6b_se_reshape', 'block6b_se_reduce', 'block6b_se_expand', 'block6b_se_excite', 'block6b_project_conv', 'block6b_project_bn', 'block6b_drop', 'block6b_add', 'block6c_expand_conv', 'block6c_expand_bn', 'block6c_expand_activation', 'block6c_dwconv', 'block6c_bn', 'block6c_activation', 'block6c_se_squeeze', 'block6c_se_reshape', 'block6c_se_reduce', 'block6c_se_expand', 'block6c_se_excite', 'block6c_project_conv', 'block6c_project_bn', 'block6c_drop', 'block6c_add', 'block6d_expand_conv', 'block6d_expand_bn', 'block6d_expand_activation', 'block6d_dwconv', 'block6d_bn', 'block6d_activation', 'block6d_se_squeeze', 'block6d_se_reshape', 'block6d_se_reduce', 'block6d_se_expand', 'block6d_se_excite', 'block6d_project_conv', 'block6d_project_bn', 'block6d_drop', 'block6d_add', 'block7a_expand_conv', 'block7a_expand_bn', 'block7a_expand_activation', 'block7a_dwconv', 'block7a_bn', 'block7a_activation', 'block7a_se_squeeze', 'block7a_se_reshape', 'block7a_se_reduce', 'block7a_se_expand', 'block7a_se_excite', 'block7a_project_conv', 'block7a_project_bn', 'top_conv', 'top_bn', 'top_activation', 'global_average_pooling2d', 'batch_normalization', 'dropout', 'dense', 'batch_normalization_1', 'dropout_1', 'dense_1'].. Building fresh.
2026-04-28 05:49:08,332 [INFO] Building Mastery-Evolution Model (EfficientNetB0) with Mastery Head...
2026-04-28 05:49:10,320 [INFO] Phase A: Coarse Tuning (LR: 0.002)...
2026-04-28 06:06:56,689 [INFO] Phase B: Fine Tuning (Unfreeze last 300 layers)...
